../Core/Src/main.c:95:5:main	12216	static
../Core/Src/main.c:337:6:SystemClock_Config	96	static
../Core/Src/main.c:388:13:MX_I2C1_Init	8	static
../Core/Src/main.c:436:13:MX_SPI1_Init	8	static
../Core/Src/main.c:476:13:MX_TIM7_Init	24	static
../Core/Src/main.c:514:13:MX_GPIO_Init	40	static
../Core/Src/main.c:558:6:HAL_SPI_TxCpltCallback	16	static
../Core/Src/main.c:564:6:HAL_TIM_PeriodElapsedCallback	16	static
../Core/Src/main.c:570:7:USB_data	48	static
../Core/Src/main.c:601:6:Error_Handler	4	static,ignoring_inline_asm
